MAP
  CONFIG "MS_ERRORFILE" "{path_logfile}"
  EXTENT -73.992931 -33.752061 -28.835884 5.271808
  DEBUG {log_level}
  MAXSIZE 204800

  NAME "ogcserver"
  CONFIG "PROJ_LIB" "{path_projlib}"
  SHAPEPATH "{path_catalog}"
  FONTSET "{path_fonts_list}"
  SYMBOLSET "{path_symbols_list}"

  PROJECTION
    "init=epsg:{default_epsgproj}"
  END

  LEGEND
    KEYSIZE 20 10
    KEYSPACING 5 5
    LABEL
      FONT "droid"
      SIZE 10
      OFFSET 0 0
      SHADOWSIZE 1 1
      TYPE TRUETYPE
    END
    STATUS OFF
  END

  OUTPUTFORMAT
    NAME "png"
    DRIVER AGG/PNG8
    MIMETYPE "image/png"
    IMAGEMODE RGBA
    EXTENSION "png"
    FORMATOPTION "QUANTIZE_FORCE=on"
    FORMATOPTION "QUANTIZE_COLORS=256"
    FORMATOPTION "GAMMA=0.75"
  END

   OUTPUTFORMAT
    NAME "application/json"
    DRIVER "OGR/GEOJSON"
    MIMETYPE "application/json"
    FORMATOPTION "FORM=SIMPLE"
    FORMATOPTION "STORAGE=memory"
  END

  OUTPUTFORMAT
    NAME GEOTIFF_F32
    DRIVER "GDAL/GTiff"
    MIMETYPE "image/tiff"
    IMAGEMODE FLOAT32
    EXTENSION "tif"
  END

  OUTPUTFORMAT
    NAME GEOTIFF_I16
    DRIVER "GDAL/GTiff"
    MIMETYPE "image/tiff"
    IMAGEMODE INT16
    EXTENSION "tif"
  END

  OUTPUTFORMAT
    NAME "GML2"
    DRIVER "OGR/GML"
    FORMATOPTION "STORAGE=filesystem"
    FORMATOPTION "FORM=multipart"
    FORMATOPTION "FILENAME=result.gml"
  END

  OUTPUTFORMAT
    NAME "SHAPE-ZIP"
    DRIVER "OGR/ESRI Shapefile"
    FORMATOPTION "STORAGE=filesystem"
    FORMATOPTION "FORM=zip"
    FORMATOPTION "FILENAME=basename.ext.zip"
  END

  OUTPUTFORMAT
    NAME "GEOPACKAGE"
    DRIVER "OGR/GPKG"
    MIMETYPE "application/geopackage+sqlite3"
    FORMATOPTION "STORAGE=filesystem"
    #FORMATOPTION "FORM=simple" # Need this or will get zip
    #FORMATOPTION "FILENAME=result.gpkg"
    FORMATOPTION "FORM=zip"
    FORMATOPTION "FILENAME=basename.ext.zip"
  END
  
  OUTPUTFORMAT
    NAME "TIFF-ZIP"
    DRIVER "GDAL/GTiff"
    FORMATOPTION "STORAGE=filesystem"
    FORMATOPTION "FORM=zip"
    FORMATOPTION "FILENAME=basename.ext.zip"
  END
  
  OUTPUTFORMAT
    NAME "GTiff-RGB"
    DRIVER GDAL/GTiff
    MIMETYPE "image/tiff"
    IMAGEMODE RGB
    EXTENSION "tif"
  END

  OUTPUTFORMAT
    NAME "utfgrid"
    DRIVER UTFGRID
    MIMETYPE "application/json"
    EXTENSION "json"
    FORMATOPTION "LABELS=true"
    FORMATOPTION "UTFRESOLUTION=8"
    FORMATOPTION "DUPLICATES=false"
  END

  OUTPUTFORMAT
    NAME "CSV"
    DRIVER "OGR/CSV"
    MIMETYPE "text/csv"
    FORMATOPTION "LCO:GEOMETRY=AS_WKT"
    FORMATOPTION "STORAGE=memory"
    FORMATOPTION "FORM=simple"
    FORMATOPTION "FILENAME=result.csv"
  END

  WEB
    FOOTER ""
    HEADER ""
    TEMPPATH "{path_tmp}"
    METADATA
      "wms_enable_request"	"*"
      "wfs_enable_request"  "*"
      "ows_onlineresource"	"{ows_onlineresource}"
      "ows_srs"	"{ows_srs}"
      "ows_title"	"{ows_title}"
      "wms_getfeatureinfo_formatlist"	"{wms_getfeatureinfo_formatlist}"
      "wms_bbox_extended"	"{wms_bbox_extended}"
      "ows_featureid" "GID"
      "wfs_getfeature_formatlist" "{wfs_getfeature_formatlist}"
      "ows_encoding" "UTF-8"
      "ows_sld_enabled" "TRUE"
      "wcs_srs" "{ows_srs}"
      "wcs_enable_request" "*"
      "wms_getmap_formatlist" {wms_getmap_formatlist}
    END
  END

  {map_layers}

END
